Microchip MPLAB XC8 Compiler V2.40

Linker command line:

-W-3 \
  --edf=C:\Program Files\Microchip\xc8\v2.40\pic\dat\20220703182018_en.msgs \
  -cn -h+dist/default/production\Postlab2.X.production.sym \
  --cmf=dist/default/production\Postlab2.X.production.cmf -z -Q16F887 \
  -oC:\Users\HP\AppData\Local\Temp\xcAsc2g.4 --defsym=__MPLAB_BUILD=1 \
  --fixupoverflow=error -Mdist/default/production/Postlab2.X.production.map \
  --md=C:\Users\HP\AppData\Local\Temp\xcAsc2g.dat -E1 -ver=XC8 Compiler \
  --acfsm=1493 -ACODE=00h-07FFhx4 -ASTRCODE=00h-01FFFh -ASTRING=00h-0FFhx32 \
  -ACONST=00h-0FFhx32 -AENTRY=00h-0FFhx32 -ACOMMON=070h-07Fh \
  -ABANK0=020h-06Fh -ABANK1=0A0h-0EFh -ABANK2=0110h-016Fh \
  -ABANK3=0190h-01EFh -ARAM=020h-06Fh,0A0h-0EFh,0110h-016Fh,0190h-01EFh \
  -AABS1=020h-07Fh,0A0h-0EFh,0110h-016Fh,0190h-01EFh -ASFR0=00h-01Fh \
  -ASFR1=080h-09Fh -ASFR2=0100h-010Fh -ASFR3=0180h-018Fh \
  -ACONFIG=02007h-02008h -DCONFIG=2 -AIDLOC=02000h-02003h -DIDLOC=2 \
  -AEEDATA=00h-0FFh/02100h -peeprom_data=EEDATA -DEEDATA=2 -DCODE=2 \
  -DSTRCODE=2 -DSTRING=2 -DCONST=2 -DENTRY=2 \
  -preset_vec=00h,intentry=04h,init,end_init -ppowerup=CODE -pcinit=CODE \
  -pfunctab=ENTRY -k C:\Users\HP\AppData\Local\Temp\xcAsc2g.o \
  dist/default/production\Postlab2.X.production.o 

Object code version is 3.11

Machine type is 16F887



                Name                               Link     Load   Length Selector   Space Scale
C:\Users\HP\AppData\Local\Temp\xcAsc2g.o
                end_init                              C        C        3        8       0
                reset_vec                             0        0        3        0       0
                config                             2007     2007        2        0       4
                idloc                              2000     2000        4        0       5
dist/default/production\Postlab2.X.production.o
                cinit                                 F        F        E        8       0
                intentry                              4        4        8        8       0
                text1_split_1                        1D       1D      594        8       0
                config                             2007     2007        2        0       4
                idloc                              2000     2000        4        0       5
                text38                             198D     198D        8     331A       0
                text37                              806      806       2C     100C       0
                text36                              7BE      7BE       3E        8       0
                text35                             19E9     19E9       1C     33D2       0
                text34                             1B07     1B07       46     360E       0
                text33                             19A5     19A5        A     334A       0
                text32                             1A05     1A05       1E     340A       0
                text31                              801      801        5     1002       0
                text30                             1A23     1A23       1E     3446       0
                text29                             121F     121F       E9     243E       0
                text28                             1A41     1A41       20     3482       0
                text27                             1CE2     1CE2       66     39C4       0
                text26                             1995     1995        8     332A       0
                text25                             19C7     19C7       10     338E       0
                text24                             1A61     1A61       20     34C2       0
                text23                             19BA     19BA        D     3374       0
                text22                             1B93     1B93       50     3726       0
                text21                             10C1     10C1       A4     2182       0
                text20                             19AF     19AF        B     335E       0
                text19                             1308     1308      258     2610       0
                text18                             1BE3     1BE3       50     37C6       0
                text17                             1E19     1E19       78     3C32       0
                text16                             1D48     1D48       68     3A90       0
                text15                             1C33     1C33       56     3866       0
                text14                             1A81     1A81       25     3502       0
                text13                             1165     1165       BA     22CA       0
                text12                             1F48     1F48       B8     3E90       0
                text11                             1E91     1E91       B7     3D22       0
                text10                             1AA6     1AA6       27     354C       0
                text9                               958      958      345     12B0       0
                text8                              1B4D     1B4D       46     369A       0
                text7                              1ACD     1ACD       3A     359A       0
                text6                               5B1      5B1      20D        8       0
                text5                              19D7     19D7       12     33AE       0
                text4                              1DB0     1DB0       69     3B60       0
                text3                              1C89     1C89       59     3912       0
                text2                               C9D      C9D      363     193A       0
                text1                              1560     1560      2A0     2AC0       0
                maintext                            832      832      126     1064       0
                cstackBANK0                          20       20       4F       20       1
                cstackCOMMON                         70       70        B       70       1
                cstackBANK1                          A0       A0       30       A0       1
                clrtext                            199D     199D        8     333A       0
                bssBANK1                             D0       D0       1F       A0       1
                bssCOMMON                            7B       7B        1       70       1
                strings                            1000     1000       BE     2000       0

TOTAL           Name                               Link     Load   Length     Space
        CLASS   CODE           
                end_init                              C        C        3         0
                cinit                                 F        F        E         0
                intentry                              4        4        8         0
                reset_vec                             0        0        3         0
                text1_split_1                        1D       1D      594         0
                text38                             198D     198D        8         0
                text37                              806      806       2C         0
                text36                              7BE      7BE       3E         0
                text35                             19E9     19E9       1C         0
                text34                             1B07     1B07       46         0
                text33                             19A5     19A5        A         0
                text32                             1A05     1A05       1E         0
                text31                              801      801        5         0
                text30                             1A23     1A23       1E         0
                text29                             121F     121F       E9         0
                text28                             1A41     1A41       20         0
                text27                             1CE2     1CE2       66         0
                text26                             1995     1995        8         0
                text25                             19C7     19C7       10         0
                text24                             1A61     1A61       20         0
                text23                             19BA     19BA        D         0
                text22                             1B93     1B93       50         0
                text21                             10C1     10C1       A4         0
                text20                             19AF     19AF        B         0
                text19                             1308     1308      258         0
                text18                             1BE3     1BE3       50         0
                text17                             1E19     1E19       78         0
                text16                             1D48     1D48       68         0
                text15                             1C33     1C33       56         0
                text14                             1A81     1A81       25         0
                text13                             1165     1165       BA         0
                text12                             1F48     1F48       B8         0
                text11                             1E91     1E91       B7         0
                text10                             1AA6     1AA6       27         0
                text9                               958      958      345         0
                text8                              1B4D     1B4D       46         0
                text7                              1ACD     1ACD       3A         0
                text6                               5B1      5B1      20D         0
                text5                              19D7     19D7       12         0
                text4                              1DB0     1DB0       69         0
                text3                              1C89     1C89       59         0
                text2                               C9D      C9D      363         0
                text1                              1560     1560      2A0         0
                maintext                            832      832      126         0
                clrtext                            199D     199D        8         0

        CLASS   STRCODE        

        CLASS   STRING         
                strings                            1000     1000       BE         0

        CLASS   CONST          

        CLASS   ENTRY          

        CLASS   COMMON         
                cstackCOMMON                         70       70        B         1
                bssCOMMON                            7B       7B        1         1

        CLASS   BANK0          
                cstackBANK0                          20       20       4F         1

        CLASS   BANK1          
                cstackBANK1                          A0       A0       30         1
                bssBANK1                             D0       D0       1F         1

        CLASS   BANK2          

        CLASS   BANK3          

        CLASS   RAM            

        CLASS   ABS1           
                abs_s1                               7E       7E        2         1

        CLASS   SFR0           

        CLASS   SFR1           

        CLASS   SFR2           

        CLASS   SFR3           

        CLASS   CONFIG         
                config                             2007     2007        2         4

        CLASS   IDLOC          
                idloc                              2000     2000        4         5

        CLASS   EEDATA         

        CLASS   STACK          



SEGMENTS        Name                           Load    Length   Top    Selector   Space  Class     Delta

                reset_vec                      000000  000003  000003         0       0  CODE        2
                intentry                       000004  0007F8  0007FC         8       0  CODE        2
                cstackBANK0                    000020  00004F  00006F        20       1  BANK0       1
                cstackCOMMON                   000070  00000C  00007C        70       1  COMMON      1
                cstackBANK1                    0000A0  00004F  0000EF        A0       1  BANK1       1
                text31                         000801  000005  000806      1002       0  CODE        2
                text37                         000806  00002C  000832      100C       0  CODE        2
                maintext                       000832  000126  000958      1064       0  CODE        2
                text9                          000958  000345  000C9D      12B0       0  CODE        2
                text2                          000C9D  000363  001000      193A       0  CODE        2
                strings                        001000  0000BE  0010BE      2000       0  STRING      2
                text21                         0010C1  0000A4  001165      2182       0  CODE        2
                text13                         001165  0000BA  00121F      22CA       0  CODE        2
                text29                         00121F  0000E9  001308      243E       0  CODE        2
                text19                         001308  000258  001560      2610       0  CODE        2
                text1                          001560  0002A0  001800      2AC0       0  CODE        2
                text38                         00198D  000008  001995      331A       0  CODE        2
                text26                         001995  000008  00199D      332A       0  CODE        2
                clrtext                        00199D  000008  0019A5      333A       0  CODE        2
                text33                         0019A5  00000A  0019AF      334A       0  CODE        2
                text20                         0019AF  00000B  0019BA      335E       0  CODE        2
                text23                         0019BA  00000D  0019C7      3374       0  CODE        2
                text25                         0019C7  000010  0019D7      338E       0  CODE        2
                text5                          0019D7  000012  0019E9      33AE       0  CODE        2
                text35                         0019E9  00001C  001A05      33D2       0  CODE        2
                text32                         001A05  00001E  001A23      340A       0  CODE        2
                text30                         001A23  00001E  001A41      3446       0  CODE        2
                text28                         001A41  000020  001A61      3482       0  CODE        2
                text24                         001A61  000020  001A81      34C2       0  CODE        2
                text14                         001A81  000025  001AA6      3502       0  CODE        2
                text10                         001AA6  000027  001ACD      354C       0  CODE        2
                text7                          001ACD  00003A  001B07      359A       0  CODE        2
                text34                         001B07  000046  001B4D      360E       0  CODE        2
                text8                          001B4D  000046  001B93      369A       0  CODE        2
                text22                         001B93  000050  001BE3      3726       0  CODE        2
                text18                         001BE3  000050  001C33      37C6       0  CODE        2
                text15                         001C33  000056  001C89      3866       0  CODE        2
                text3                          001C89  000059  001CE2      3912       0  CODE        2
                text27                         001CE2  000066  001D48      39C4       0  CODE        2
                text16                         001D48  000068  001DB0      3A90       0  CODE        2
                text4                          001DB0  000069  001E19      3B60       0  CODE        2
                text17                         001E19  000078  001E91      3C32       0  CODE        2
                text11                         001E91  0000B7  001F48      3D22       0  CODE        2
                text12                         001F48  0000B8  002000      3E90       0  CODE        2


UNUSED ADDRESS RANGES

        Name                Unused          Largest block    Delta
        BANK0            0006F-0006F               1           1
        BANK1            000EF-000EF               1           1
        BANK2            00110-0016F              60           1
        BANK3            00190-001EF              60           1
        CODE             00003-00003               1           2
                         007FC-00800               4
                         010BE-010C0               3
                         01800-0198C             18D
        COMMON           0007C-0007D               2           1
        CONST            00003-00003               1           2
                         007FC-00800               4
                         010BE-010C0               3
                         01800-0198C             100
        EEDATA           02100-021FF             100           2
        ENTRY            00003-00003               1           2
                         007FC-00800               4
                         010BE-010C0               3
                         01800-0198C             100
        RAM              0006F-0006F               1           1
                         000EF-000EF               1
                         00110-0016F              60
                         00190-001EF              60
        SFR0             00000-0001F              20           1
        SFR1             00080-0009F              20           1
        SFR2             00100-0010F              10           1
        SFR3             00180-0018F              10           1
        STRCODE          00003-00003               1           2
                         007FC-00800               5
                         010BE-010C0               3
                         01800-0198C             18D
        STRING           00003-00003               1           2
                         007FC-00800               4
                         010BE-010C0               3
                         01800-0198C             100

                                  Symbol Table

?__Umul8_16              cstackCOMMON 00072
?___awdiv                cstackBANK0  00020
?___awmod                cstackCOMMON 00072
?___fladd                cstackBANK0  00056
?___flmul                cstackBANK0  00028
?___flneg                cstackCOMMON 00072
?___flsub                cstackBANK1  000A0
?___fltol                cstackBANK0  00055
?___lldiv                cstackCOMMON 00072
?___llmod                cstackBANK0  00025
?___lwdiv                cstackBANK0  00020
?___lwmod                cstackCOMMON 00072
?___wmul                 cstackCOMMON 00072
?___xxtofl               cstackCOMMON 00072
?__div_to_l_             cstackCOMMON 00072
?__tdiv_to_l_            cstackCOMMON 00072
?_fround                 cstackBANK0  00042
?_scale                  cstackBANK0  00042
?_sprintf                cstackBANK1  000A8
CMDs@a                   cstackCOMMON 00075
ESC@a                    cstackCOMMON 00072
ESCLCD@a                 cstackCOMMON 00075
ESCLCD@i                 cstackBANK0  00020
ESCString@a              cstackCOMMON 00074
ESCString@i              cstackCOMMON 00075
ESCchar@a                cstackCOMMON 00074
_ADCON0bits              (abs)        0001F
_ADCON1                  (abs)        0009F
_ADRESH                  (abs)        0001E
_ANSEL                   (abs)        00188
_ANSELH                  (abs)        00189
_ANSELHbits              (abs)        00189
_ANSELbits               (abs)        00188
_BAUDCTLbits             (abs)        00187
_BUFFER                  bssBANK1     000DB
_CMDs                    text28       01A41
_ESC                     text33       019A5
_ESCLCD                  text34       01B07
_ESCString               text32       01A05
_ESCchar                 text35       019E9
_INTCONbits              (abs)        0000B
_LEER                    text38       0198D
_PIE1bits                (abs)        0008C
_PIR1bits                (abs)        0000C
_PORTC                   (abs)        00007
_PORTD                   (abs)        00008
_PORTE                   (abs)        00009
_RCIF                    (abs)        00065
_RCREG                   (abs)        0001A
_RCSTAbits               (abs)        00018
_RD0                     (abs)        00040
_RD1                     (abs)        00041
_RD2                     (abs)        00042
_RD3                     (abs)        00043
_RD4                     (abs)        00044
_RD5                     (abs)        00045
_RD6                     (abs)        00046
_RD7                     (abs)        00047
_RE0                     (abs)        00048
_RE1                     (abs)        00049
_SPBRG                   (abs)        00099
_TRISA                   (abs)        00085
_TRISAbits               (abs)        00085
_TRISBbits               (abs)        00086
_TRISCbits               (abs)        00087
_TRISD                   (abs)        00088
_TRISE                   (abs)        00089
_TRISEbits               (abs)        00089
_TXIF                    (abs)        00064
_TXREG                   (abs)        00019
_TXSTAbits               (abs)        00098
__Habs1                  abs1         00000
__Hbank0                 bank0        00000
__Hbank1                 bank1        00000
__Hbank2                 bank2        00000
__Hbank3                 bank3        00000
__HbssBANK1              bssBANK1     00000
__HbssCOMMON             bssCOMMON    00000
__Hcinit                 cinit        0001D
__Hclrtext               clrtext      00000
__Hcode                  code         00000
__Hcommon                common       00000
__Hconfig                config       02009
__HcstackBANK0           cstackBANK0  00000
__HcstackBANK1           cstackBANK1  00000
__HcstackCOMMON          cstackCOMMON 00000
__Heeprom_data           eeprom_data  00000
__Hend_init              end_init     0000F
__Hfunctab               functab      00000
__Hidloc                 idloc        02004
__Hinit                  init         0000C
__Hintentry              intentry     0000C
__Hmaintext              maintext     00000
__Hpowerup               powerup      00000
__Hram                   ram          00000
__Hreset_vec             reset_vec    00003
__Hsfr0                  sfr0         00000
__Hsfr1                  sfr1         00000
__Hsfr2                  sfr2         00000
__Hsfr3                  sfr3         00000
__Hspace_0               (abs)        02000
__Hspace_1               (abs)        000EF
__Hspace_2               (abs)        00000
__Hspace_3               (abs)        00000
__Hspace_4               (abs)        04010
__Hstack                 stack        00000
__Hstrings               strings      00000
__Htext                  text         00000
__Labs1                  abs1         00000
__Lbank0                 bank0        00000
__Lbank1                 bank1        00000
__Lbank2                 bank2        00000
__Lbank3                 bank3        00000
__LbssBANK1              bssBANK1     00000
__LbssCOMMON             bssCOMMON    00000
__Lcinit                 cinit        0000F
__Lclrtext               clrtext      00000
__Lcode                  code         00000
__Lcommon                common       00000
__Lconfig                config       00000
__LcstackBANK0           cstackBANK0  00000
__LcstackBANK1           cstackBANK1  00000
__LcstackCOMMON          cstackCOMMON 00000
__Leeprom_data           eeprom_data  00000
__Lend_init              end_init     0000C
__Lfunctab               functab      00000
__Lidloc                 idloc        00000
__Linit                  init         0000C
__Lintentry              intentry     00004
__Lmaintext              maintext     00000
__Lpowerup               powerup      00000
__Lram                   ram          00000
__Lreset_vec             reset_vec    00000
__Lsfr0                  sfr0         00000
__Lsfr1                  sfr1         00000
__Lsfr2                  sfr2         00000
__Lsfr3                  sfr3         00000
__Lspace_0               (abs)        00000
__Lspace_1               (abs)        00000
__Lspace_2               (abs)        00000
__Lspace_3               (abs)        00000
__Lspace_4               (abs)        00000
__Lstack                 stack        00000
__Lstrings               strings      00000
__Ltext                  text         00000
__S0                     (abs)        02000
__S1                     (abs)        000EF
__S3                     (abs)        00000
__Umul8_16               text10       01AA6
__Umul8_16@multiplicand  cstackCOMMON 00072
__Umul8_16@multiplier    cstackCOMMON 0007A
__Umul8_16@product       cstackCOMMON 00076
__Umul8_16@word_mpld     cstackCOMMON 00078
___awdiv                 text4        01DB0
___awdiv@counter         cstackBANK0  00024
___awdiv@dividend        cstackBANK0  00022
___awdiv@divisor         cstackBANK0  00020
___awdiv@quotient        cstackBANK0  00026
___awdiv@sign            cstackBANK0  00025
___awmod                 text3        01C89
___awmod@counter         cstackCOMMON 00077
___awmod@dividend        cstackCOMMON 00074
___awmod@divisor         cstackCOMMON 00072
___awmod@sign            cstackCOMMON 00078
___fladd                 text19       01308
___fladd@a               cstackBANK0  0005A
___fladd@aexp            cstackBANK0  00067
___fladd@b               cstackBANK0  00056
___fladd@bexp            cstackBANK0  00068
___fladd@grs             cstackBANK0  00069
___fladd@signs           cstackBANK0  00066
___fleq                  text22       01B93
___fleq@ff1              cstackCOMMON 00072
___fleq@ff2              cstackCOMMON 00076
___flge                  text21       010C1
___flge@ff1              cstackCOMMON 00072
___flge@ff2              cstackCOMMON 00076
___flmul                 text9        00958
___flmul@a               cstackBANK0  0002C
___flmul@aexp            cstackBANK0  0003A
___flmul@b               cstackBANK0  00028
___flmul@bexp            cstackBANK0  0003B
___flmul@grs             cstackBANK0  00036
___flmul@prod            cstackBANK0  0003C
___flmul@sign            cstackBANK0  00035
___flmul@temp            cstackBANK0  00040
___flneg                 text20       019AF
___flneg@f1              cstackCOMMON 00072
___flsub                 text18       01BE3
___flsub@a               cstackBANK1  000A0
___flsub@b               cstackBANK1  000A4
___fltol                 text17       01E19
___fltol@exp1            cstackBANK0  0005E
___fltol@f1              cstackBANK0  00055
___fltol@sign1           cstackBANK0  0005D
___int_sp                stack        00000
___latbits               (abs)        00002
___lldiv                 text16       01D48
___lldiv@counter         cstackBANK0  00024
___lldiv@dividend        cstackCOMMON 00076
___lldiv@divisor         cstackCOMMON 00072
___lldiv@quotient        cstackBANK0  00020
___llmod                 text15       01C33
___llmod@counter         cstackBANK0  0002E
___llmod@dividend        cstackBANK0  00029
___llmod@divisor         cstackBANK0  00025
___lwdiv                 text8        01B4D
___lwdiv@counter         cstackBANK0  00024
___lwdiv@dividend        cstackBANK0  00022
___lwdiv@divisor         cstackBANK0  00020
___lwdiv@quotient        cstackBANK0  00025
___lwmod                 text7        01ACD
___lwmod@counter         cstackCOMMON 00077
___lwmod@dividend        cstackCOMMON 00074
___lwmod@divisor         cstackCOMMON 00072
___sp                    stack        00000
___stackhi               (abs)        00000
___stacklo               (abs)        00000
___wmul                  text14       01A81
___wmul@multiplicand     cstackCOMMON 00074
___wmul@multiplier       cstackCOMMON 00072
___wmul@product          cstackCOMMON 00076
___xxtofl                text13       01165
___xxtofl@arg            cstackBANK0  00022
___xxtofl@exp            cstackBANK0  00021
___xxtofl@sign           cstackBANK0  00020
___xxtofl@val            cstackCOMMON 00072
__div_to_l_              text12       01F48
__div_to_l_@cntr         cstackBANK0  00024
__div_to_l_@exp1         cstackBANK0  00025
__div_to_l_@f1           cstackCOMMON 00072
__div_to_l_@f2           cstackCOMMON 00076
__div_to_l_@quot         cstackBANK0  00020
__end_of_CMDs            text28       01A61
__end_of_ESC             text33       019AF
__end_of_ESCLCD          text34       01B4D
__end_of_ESCString       text32       01A23
__end_of_ESCchar         text35       01A05
__end_of_LEER            text38       01995
__end_of__Umul8_16       text10       01ACD
__end_of___awdiv         text4        01E19
__end_of___awmod         text3        01CE2
__end_of___fladd         text19       01560
__end_of___fleq          text22       01BE3
__end_of___flge          text21       01165
__end_of___flmul         text9        00C9D
__end_of___flneg         text20       019BA
__end_of___flsub         text18       01C33
__end_of___fltol         text17       01E91
__end_of___lldiv         text16       01DB0
__end_of___llmod         text15       01C89
__end_of___lwdiv         text8        01B93
__end_of___lwmod         text7        01B07
__end_of___wmul          text14       01AA6
__end_of___xxtofl        text13       0121F
__end_of__div_to_l_      text12       02000
__end_of__initialization cinit        00019
__end_of__npowers_       strings      01078
__end_of__powers_        strings      01044
__end_of__stringtab      strings      01010
__end_of__tdiv_to_l_     text11       01F48
__end_of_baud            text31       00806
__end_of_config          text30       01A41
__end_of_configADC       text29       01308
__end_of_configLCD       text27       01D48
__end_of_config_rx       text26       0199D
__end_of_config_tx       text25       019D7
__end_of_cursor          text24       01A81
__end_of_dpowers         strings      010A0
__end_of_fround          text6        007BE
__end_of_isdigit         text5        019E9
__end_of_isr             text37       00832
__end_of_limpiar         text23       019C7
__end_of_main            maintext     00958
__end_of_pin             text36       007FC
__end_of_scale           text2        01000
__end_of_sprintf         text1_split_1 005B1
__initialization         cinit        0000F
__npowers_               strings      01044
__pbssBANK1              bssBANK1     000D0
__pbssCOMMON             bssCOMMON    0007B
__pcstackBANK0           cstackBANK0  00020
__pcstackBANK1           cstackBANK1  000A0
__pcstackCOMMON          cstackCOMMON 00070
__pintentry              intentry     00004
__pmaintext              maintext     00832
__powers_                strings      01010
__pstrings               strings      01000
__ptext1                 text1        01560
__ptext10                text10       01AA6
__ptext11                text11       01E91
__ptext12                text12       01F48
__ptext13                text13       01165
__ptext14                text14       01A81
__ptext15                text15       01C33
__ptext16                text16       01D48
__ptext17                text17       01E19
__ptext18                text18       01BE3
__ptext19                text19       01308
__ptext2                 text2        00C9D
__ptext20                text20       019AF
__ptext21                text21       010C1
__ptext22                text22       01B93
__ptext23                text23       019BA
__ptext24                text24       01A61
__ptext25                text25       019C7
__ptext26                text26       01995
__ptext27                text27       01CE2
__ptext28                text28       01A41
__ptext29                text29       0121F
__ptext3                 text3        01C89
__ptext30                text30       01A23
__ptext31                text31       00801
__ptext32                text32       01A05
__ptext33                text33       019A5
__ptext34                text34       01B07
__ptext35                text35       019E9
__ptext36                text36       007BE
__ptext37                text37       00806
__ptext38                text38       0198D
__ptext4                 text4        01DB0
__ptext5                 text5        019D7
__ptext6                 text6        005B1
__ptext7                 text7        01ACD
__ptext8                 text8        01B4D
__ptext9                 text9        00958
__stringbase             strings      0100F
__stringtab              strings      01000
__tdiv_to_l_             text11       01E91
__tdiv_to_l_@cntr        cstackBANK0  00027
__tdiv_to_l_@exp1        cstackBANK0  00028
__tdiv_to_l_@f1          cstackCOMMON 00072
__tdiv_to_l_@f2          cstackCOMMON 00076
__tdiv_to_l_@quot        cstackBANK0  00023
_adc0                    bssBANK1     000DA
_adc1                    bssBANK1     000D9
_baud                    text31       00801
_config                  text30       01A23
_configADC               text29       0121F
_configLCD               text27       01CE2
_config_rx               text26       01995
_config_tx               text25       019C7
_cursor                  text24       01A61
_dpowers                 strings      01078
_fround                  text6        005B1
_fround$1270             cstackBANK0  00051
_fround$1271             cstackBANK0  0004D
_isdigit                 text5        019D7
_isdigit$1090            cstackCOMMON 00072
_isr                     text37       00806
_lectura                 bssCOMMON    0007B
_limpiar                 text23       019BA
_main                    maintext     00832
_num                     bssBANK1     000D8
_num1                    bssBANK1     000D4
_num2                    bssBANK1     000D0
_pin                     text36       007BE
_scale                   text2        00C9D
_scale$1272              cstackBANK0  00050
_sprintf                 text1        01560
_sprintf$1273            cstackBANK1  000B3
btemp                    (abs)        0007E
clear_ram0               clrtext      0199D
configADC@ch             cstackCOMMON 00074
cursor@a                 cstackCOMMON 00077
cursor@b                 cstackCOMMON 00076
cursor@x                 cstackCOMMON 00078
end_of_initialization    cinit        00019
fround@prec              cstackBANK0  00055
interrupt_function       intentry     00004
intlevel0                functab      00000
intlevel1                functab      00000
intlevel2                functab      00000
intlevel3                functab      00000
intlevel4                functab      00000
intlevel5                functab      00000
isdigit@c                cstackCOMMON 00073
pin@a                    cstackCOMMON 00072
pnum$text1               (abs)        0000B
pnum$text1_split_1       (abs)        00034
psplit$0                 (abs)        B0034
reset_vec                reset_vec    00000
saved_w                  (abs)        0007E
scale@scl                cstackBANK0  00054
sprintf@ap               cstackBANK1  000B7
sprintf@c                cstackBANK1  000CB
sprintf@eexp             cstackBANK1  000BA
sprintf@f                cstackBANK1  000A8
sprintf@flag             cstackBANK1  000B8
sprintf@fval             cstackBANK1  000C5
sprintf@prec             cstackBANK1  000C9
sprintf@sp               cstackBANK1  000C4
sprintf@tmpval           cstackBANK1  000BC
sprintf@val              cstackBANK1  000C0
start                    init         0000C
start_initialization     cinit        0000F
wtemp0                   (abs)        0007E


MODULE INFORMATION

Module		Function		Class		Link	Load	Size
C:\Program Files\Microchip\xc8\v2.40\pic\sources\c90\common\fltol.c
		___fltol       		CODE           	1E19	0000	120

C:\Program Files\Microchip\xc8\v2.40\pic\sources\c90\common\fltol.c estimated size: 120

uart.c
		_ESCString     		CODE           	1A05	0000	30
		_LEER          		CODE           	198D	0000	8
		_ESC           		CODE           	19A5	0000	10
		_baud          		CODE           	0801	0000	5
		_config_rx     		CODE           	1995	0000	8
		_config_tx     		CODE           	19C7	0000	16

uart.c estimated size: 77

lab2.c
		_main          		CODE           	0832	0000	294
		_config        		CODE           	1A23	0000	30
		_isr           		CODE           	0806	0000	44

lab2.c estimated size: 368

C:\Program Files\Microchip\xc8\v2.40\pic\sources\c90\common\awdiv.c
		___awdiv       		CODE           	1DB0	0000	105

C:\Program Files\Microchip\xc8\v2.40\pic\sources\c90\common\awdiv.c estimated size: 105

C:\Program Files\Microchip\xc8\v2.40\pic\sources\c90\common\sprcmul.c
		___flmul       		CODE           	0958	0000	837

C:\Program Files\Microchip\xc8\v2.40\pic\sources\c90\common\sprcmul.c estimated size: 837

C:\Program Files\Microchip\xc8\v2.40\pic\sources\c90\common\__lldiv.c
		___lldiv       		CODE           	1D48	0000	104

C:\Program Files\Microchip\xc8\v2.40\pic\sources\c90\common\__lldiv.c estimated size: 104

C:\Program Files\Microchip\xc8\v2.40\pic\sources\c90\common\flneg.c
		___flneg       		CODE           	19AF	0000	11

C:\Program Files\Microchip\xc8\v2.40\pic\sources\c90\common\flneg.c estimated size: 11

C:\Program Files\Microchip\xc8\v2.40\pic\sources\c90\common\fleq.c
		___fleq        		CODE           	1B93	0000	80

C:\Program Files\Microchip\xc8\v2.40\pic\sources\c90\common\fleq.c estimated size: 80

C:\Program Files\Microchip\xc8\v2.40\pic\sources\c90\common\Umul8_16.c
		__Umul8_16     		CODE           	1AA6	0000	39

C:\Program Files\Microchip\xc8\v2.40\pic\sources\c90\common\Umul8_16.c estimated size: 39

adc.c
		_configADC     		CODE           	121F	0000	233

adc.c estimated size: 233

C:\Program Files\Microchip\xc8\v2.40\pic\sources\c90\common\doprnt.c
		_scale         		CODE           	0C9D	0000	867
		_sprintf       		CODE           	1560	0000	2100
		_fround        		CODE           	05B1	0000	525

C:\Program Files\Microchip\xc8\v2.40\pic\sources\c90\common\doprnt.c estimated size: 3492

C:\Program Files\Microchip\xc8\v2.40\pic\sources\c90\common\ftdivl.c
		__tdiv_to_l_   		CODE           	1E91	0000	183

C:\Program Files\Microchip\xc8\v2.40\pic\sources\c90\common\ftdivl.c estimated size: 183

C:\Program Files\Microchip\xc8\v2.40\pic\sources\c90\common\Umul16.c
		___wmul        		CODE           	1A81	0000	37

C:\Program Files\Microchip\xc8\v2.40\pic\sources\c90\common\Umul16.c estimated size: 37

C:\Program Files\Microchip\xc8\v2.40\pic\sources\c90\common\lwmod.c
		___lwmod       		CODE           	1ACD	0000	58

C:\Program Files\Microchip\xc8\v2.40\pic\sources\c90\common\lwmod.c estimated size: 58

shared
		__stringtab    		STRING         	1000	0000	16
		__powers_      		STRING         	1010	0000	52
		_dpowers       		STRING         	1078	0000	40
		__npowers_     		STRING         	1044	0000	52
		__initialization		CODE           	000F	0000	10

shared estimated size: 170

C:\Program Files\Microchip\xc8\v2.40\pic\sources\c90\common\llmod.c
		___llmod       		CODE           	1C33	0000	86

C:\Program Files\Microchip\xc8\v2.40\pic\sources\c90\common\llmod.c estimated size: 86

C:\Program Files\Microchip\xc8\v2.40\pic\sources\c90\common\isdigit.c
		_isdigit       		CODE           	19D7	0000	18

C:\Program Files\Microchip\xc8\v2.40\pic\sources\c90\common\isdigit.c estimated size: 18

C:\Program Files\Microchip\xc8\v2.40\pic\sources\c90\common\sprcadd.c
		___flsub       		CODE           	1BE3	0000	80
		___fladd       		CODE           	1308	0000	600

C:\Program Files\Microchip\xc8\v2.40\pic\sources\c90\common\sprcadd.c estimated size: 680

lcd.c
		_CMDs          		CODE           	1A41	0000	32
		_pin           		CODE           	07BE	0000	62
		_limpiar       		CODE           	19BA	0000	13
		_ESCchar       		CODE           	19E9	0000	28
		_cursor        		CODE           	1A61	0000	32
		_configLCD     		CODE           	1CE2	0000	102
		_ESCLCD        		CODE           	1B07	0000	70

lcd.c estimated size: 339

C:\Program Files\Microchip\xc8\v2.40\pic\sources\c90\common\awmod.c
		___awmod       		CODE           	1C89	0000	89

C:\Program Files\Microchip\xc8\v2.40\pic\sources\c90\common\awmod.c estimated size: 89

C:\Program Files\Microchip\xc8\v2.40\pic\sources\c90\common\flge.c
		___flge        		CODE           	10C1	0000	164

C:\Program Files\Microchip\xc8\v2.40\pic\sources\c90\common\flge.c estimated size: 164

C:\Program Files\Microchip\xc8\v2.40\pic\sources\c90\common\fldivl.c
		__div_to_l_    		CODE           	1F48	0000	184

C:\Program Files\Microchip\xc8\v2.40\pic\sources\c90\common\fldivl.c estimated size: 184

C:\Program Files\Microchip\xc8\v2.40\pic\sources\c90\common\lwdiv.c
		___lwdiv       		CODE           	1B4D	0000	70

C:\Program Files\Microchip\xc8\v2.40\pic\sources\c90\common\lwdiv.c estimated size: 70

C:\Program Files\Microchip\xc8\v2.40\pic\sources\c90\common\xxtofl.c
		___xxtofl      		CODE           	1165	0000	186

C:\Program Files\Microchip\xc8\v2.40\pic\sources\c90\common\xxtofl.c estimated size: 186

